
> unicoscom@0.1.0 typecheck
> tsc --noEmit

src/app/components/app-sidebar.tsx(50,40): error TS2345: Argument of type '"notificationsTitle"' is not assignable to parameter of type '"theme" | "update" | "delete" | "main" | "error" | "edited" | "cancel" | "dark" | "light" | "explore" | "profile" | "settings" | "appNavigator" | "createNewCommunity" | "login" | ... 153 more ... | "metaDescription"'.
src/app/components/comment-item-actions.tsx(48,24): error TS2345: Argument of type '"deleteCommentError"' is not assignable to parameter of type '"theme" | "update" | "delete" | "main" | "error" | "edited" | "cancel" | "dark" | "light" | "explore" | "profile" | "settings" | "appNavigator" | "createNewCommunity" | "login" | ... 153 more ... | "metaDescription"'.
src/app/components/create-comment-form.tsx(78,24): error TS2345: Argument of type '"commentCreationError"' is not assignable to parameter of type '"theme" | "update" | "delete" | "main" | "error" | "edited" | "cancel" | "dark" | "light" | "explore" | "profile" | "settings" | "appNavigator" | "createNewCommunity" | "login" | ... 153 more ... | "metaDescription"'.
src/app/components/create-post-form.tsx(86,28): error TS2345: Argument of type '"postCreationError"' is not assignable to parameter of type '"theme" | "update" | "delete" | "main" | "error" | "edited" | "cancel" | "dark" | "light" | "explore" | "profile" | "settings" | "appNavigator" | "createNewCommunity" | "login" | ... 153 more ... | "metaDescription"'.
src/app/components/notifications-list.tsx(157,46): error TS2345: Argument of type '"notificationVoted"' is not assignable to parameter of type '"theme" | "update" | "delete" | "main" | "error" | "edited" | "cancel" | "dark" | "light" | "explore" | "profile" | "settings" | "appNavigator" | "createNewCommunity" | "login" | ... 153 more ... | "metaDescription"'.
src/app/components/notifications-list.tsx(159,46): error TS2345: Argument of type '"notificationCommented"' is not assignable to parameter of type '"theme" | "update" | "delete" | "main" | "error" | "edited" | "cancel" | "dark" | "light" | "explore" | "profile" | "settings" | "appNavigator" | "createNewCommunity" | "login" | ... 153 more ... | "metaDescription"'.
src/app/components/notifications-list.tsx(163,46): error TS2345: Argument of type '"post"' is not assignable to parameter of type '"theme" | "update" | "delete" | "main" | "error" | "edited" | "cancel" | "dark" | "light" | "explore" | "profile" | "settings" | "appNavigator" | "createNewCommunity" | "login" | ... 153 more ... | "metaDescription"'.
src/app/components/notifications-list.tsx(165,46): error TS2345: Argument of type '"comment"' is not assignable to parameter of type '"theme" | "update" | "delete" | "main" | "error" | "edited" | "cancel" | "dark" | "light" | "explore" | "profile" | "settings" | "appNavigator" | "createNewCommunity" | "login" | ... 153 more ... | "metaDescription"'.
src/app/components/notifications-list.tsx(181,40): error TS2345: Argument of type '"viewContext"' is not assignable to parameter of type '"theme" | "update" | "delete" | "main" | "error" | "edited" | "cancel" | "dark" | "light" | "explore" | "profile" | "settings" | "appNavigator" | "createNewCommunity" | "login" | ... 153 more ... | "metaDescription"'.
src/app/components/post-item-actions.tsx(48,24): error TS2345: Argument of type '"deletePostError"' is not assignable to parameter of type '"theme" | "update" | "delete" | "main" | "error" | "edited" | "cancel" | "dark" | "light" | "explore" | "profile" | "settings" | "appNavigator" | "createNewCommunity" | "login" | ... 153 more ... | "metaDescription"'.
src/app/notifications/page.tsx(22,24): error TS2345: Argument of type '"loading"' is not assignable to parameter of type '"theme" | "update" | "delete" | "main" | "error" | "edited" | "cancel" | "dark" | "light" | "explore" | "profile" | "settings" | "appNavigator" | "createNewCommunity" | "login" | ... 153 more ... | "metaDescription"'.
src/app/notifications/page.tsx(32,55): error TS2345: Argument of type '"notificationsTitle"' is not assignable to parameter of type '"theme" | "update" | "delete" | "main" | "error" | "edited" | "cancel" | "dark" | "light" | "explore" | "profile" | "settings" | "appNavigator" | "createNewCommunity" | "login" | ... 153 more ... | "metaDescription"'.
src/app/notifications/page.tsx(33,57): error TS2345: Argument of type '"notificationsDescription"' is not assignable to parameter of type '"theme" | "update" | "delete" | "main" | "error" | "edited" | "cancel" | "dark" | "light" | "explore" | "profile" | "settings" | "appNavigator" | "createNewCommunity" | "login" | ... 153 more ... | "metaDescription"'.
src/app/privacy/page.tsx(16,28): error TS2345: Argument of type '"privacyPolicyTitle"' is not assignable to parameter of type '"theme" | "update" | "delete" | "main" | "error" | "edited" | "cancel" | "dark" | "light" | "explore" | "profile" | "settings" | "appNavigator" | "createNewCommunity" | "login" | ... 153 more ... | "metaDescription"'.
src/app/profile/[id]/page.tsx(87,51): error TS2339: Property 'parent' does not exist on type 'QueryDocumentSnapshot<DocumentData, DocumentData>'.
src/app/profile/[id]/page.tsx(91,64): error TS2571: Object is of type 'unknown'.
src/app/profile/edit/page.tsx(432,29): error TS2345: Argument of type '"profileSocialLinks"' is not assignable to parameter of type '"theme" | "update" | "delete" | "main" | "error" | "edited" | "cancel" | "dark" | "light" | "explore" | "profile" | "settings" | "appNavigator" | "createNewCommunity" | "login" | ... 153 more ... | "metaDescription"'.
src/app/terms/page.tsx(16,28): error TS2345: Argument of type '"termsTitle"' is not assignable to parameter of type '"theme" | "update" | "delete" | "main" | "error" | "edited" | "cancel" | "dark" | "light" | "explore" | "profile" | "settings" | "appNavigator" | "createNewCommunity" | "login" | ... 153 more ... | "metaDescription"'.
src/firebase/non-blocking-updates.tsx(16,41): error TS2459: Module '"@/firebase/errors"' declares 'SecurityRuleContext' locally, but it is not exported.
